E,AZ0202,Black,0.5,Y,N,Black,N,CONTINUOUS
T,AZ0203,Black,0.5,Y,N,Black,N,CONTINUOUS
EM,AZB012,Black,0.5,Y,N,Black,N,CONTINUOUS
TM,AZB015,Black,0.5,Y,N,Black,N,CONTINUOUS
WM,AZB014,Black,0.5,Y,N,Black,N,CONTINUOUS
GM,AZB010,Black,0.5,Y,N,Black,N,CONTINUOUS
UM,AZB013,Black,0.5,Y,N,Black,N,CONTINUOUS
H,SPOTX,Black,0.5,Y,N,Black,N,CONTINUOUS
RA.H,SPOTX,Black,0.5,Y,N,Black,N,CONTINUOUS
RC.H,SPOTX,Black,0.5,Y,N,Black,N,CONTINUOUS
N.H,DAA001,Black,0.5,Y,N,Black,N,CONTINUOUS
B.H,DAA002,Black,0.5,Y,N,Black,N,CONTINUOUS
KSW.H,DAA003,Black,0.5,Y,N,Black,N,CONTINUOUS
MG,AB002,Black,0.5,Y,N,Black,N,CONTINUOUS
L,AE141,Black,0.5,Y,N,Black,N,CONTINUOUS
S,AE142,Black,0.5,Y,N,Black,N,CONTINUOUS
SHJ,AZ001,Black,0.5,Y,N,Black,N,CONTINUOUS
HD.H,DD0013,Black,0.5,Y,N,Black,N,CONTINUOUS
BISUK,AB010,Black,0.5,Y,N,Black,N,CONTINUOUS
EJP,AEC002,Black,0.5,Y,N,Black,N,CONTINUOUS
KANJ,AJ001,Black,0.5,Y,N,Black,N,CONTINUOUS
UU,AI001,Black,0.5,Y,N,Black,N,CONTINUOUS
RA,SPOTX,Black,0.5,Y,Y,Red,N,CONTINUOUS
RC,SPOTX,Black,0.5,Y,Y,Red,N,CONTINUOUS
RX,SPOTX,Black,0.5,Y,Y,Red,N,CONTINUOUS
CJM,SPOTX,Black,0.5,Y,Y,Black,N,CONTINUOUS
GR,SPOTX,Black,0.5,Y,Y,Black,N,CONTINUOUS
BLD,SPOTX,Black,0.5,Y,Y,Black,N,CONTINUOUS
PAN,SPOTX,Black,0.5,Y,Y,Black,N,CONTINUOUS
OBT,SPOTX,Black,0.5,Y,Y,Black,N,CONTINUOUS
OBB,SPOTX,Black,0.5,Y,Y,Black,N,CONTINUOUS
SCT,SPOTX,Black,0.5,Y,Y,Black,N,CONTINUOUS
SCB,SPOTX,Black,0.5,Y,Y,Red,Y,HIDDEN
WTR,SPOTX,Black,0.5,Y,Y,Black,N,CONTINUOUS
BHB,SPOTX,Black,0.5,Y,Y,Black,N,CONTINUOUS
RAIL,SPOTX,Black,0.5,Y,Y,Green,N,PHANTOM
SH,SPOTX,Black,0.5,Y,Y,Black,N,CONTINUOUS
XH,SPOTX,Black,0.5,Y,Y,Black,N,CONTINUOUS
GH,SPOTX,Black,0.5,Y,Y,Black,N,CONTINUOUS
PH,SPOTX,Black,0.5,Y,Y,Black,N,HIDDEN
VH,SPOTX,Black,0.5,Y,Y,Black,N,CONTINUOUS
CH,SPOTX,Black,0.5,Y,Y,Black,N,CONTINUOUS
T0,SPOTX,Black,0.5,Y,Y,Black,N,CONTINUOUS
BO,SPOTX,Black,0.5,Y,Y,Black,N,CONTINUOUS
UCG,SPOTX,Black,0.5,Y,Y,Black,N,CONTINUOUS
VCG,SPOTX,Black,0.5,Y,Y,Black,N,CONTINUOUS
RB,SPOTX,Black,0.5,Y,Y,Red,N,HIDDEN
SR,SPOTX,Black,0.5,Y,Y,Blue,N,CONTINUOUS
KD,SPOTX,Black,0.5,Y,Y,Black,N,CONTINUOUS
PP,SPOTX,Black,0.5,Y,Y,Black,N,CONTINUOUS
BOX,SPOTX,Black,0.5,Y,Y,Black,N,CONTINUOUS
KR,SPOTX,Black,0.5,Y,Y,Black,N,HIDDEN
W,SPOTX,Black,0.5,Y,Y,Cyan,N,CONTINUOUS
W.H,SPOTX,Black,0.5,Y,N,Black,N,CONTINUOUS
UCG.H,SPOTX,Black,0.5,Y,N,Black,N,CONTINUOUS
VCG.H,SPOTX,Black,0.5,Y,N,Black,N,CONTINUOUS
BOX.H,SPOTX,Black,0.5,Y,N,Black,N,CONTINUOUS
HNTO,SPOTX,Black,0.5,Y,Y,Black,N,CONTINUOUS
HNBO,SPOTX,Black,0.5,Y,Y,Black,N,CONTINUOUS
DMTT,SPOTX,Black,0.5,Y,Y,Black,N,CONTINUOUS
DMTB,SPOTX,Black,0.5,Y,Y,Black,N,CONTINUOUS
NCG,SPOTX,Black,0.5,Y,Y,Black,N,CONTINUOUS
N,SPOTX,Black,0.5,Y,Y,Cyan,Y,CONTINUOUS
B,SPOTX,Black,0.5,Y,Y,Black,Y,CONTINUOUS
NTO,SPOTX,Black,0.5,Y,Y,Black,N,CONTINUOUS
NBO,SPOTX,Black,0.5,Y,Y,Black,N,CONTINUOUS
J,SPOTX,Black,0.5,Y,Y,Green,Y,CONTINUOUS
J.H,SPOTX,Black,0.5,Y,N,Black,N,CONTINUOUS
KSW,SPOTX,Black,0.5,Y,Y,Black,N,CONTINUOUS
CP,SPOTX,Black,0.5,Y,N,Black,N,CONTINUOUS
SR.H,SPOTX,Black,0.5,Y,N,Black,N,CONTINUOUS
OM,SPOTX,Black,0.5,Y,N,Red,N,CONTINUOUS
TBS,SPOTX,Black,0.5,Y,N,Black,N,CONTINUOUS
EBS,SPOTX,Black,0.5,Y,N,Black,N,CONTINUOUS
GAS,SPOTX,Black,0.5,Y,N,Red,N,CONTINUOUS
BOL,SPOTX,Black,0.5,Y,N,Black,N,CONTINUOUS
OIL,SPOTX,Magenta,0.5,N,N,Black,N,CONTINUOUS
WBS,SPOTX,Black,0.5,Y,N,Black,N,CONTINUOUS
JSB,SPOTX,Black,0.5,Y,N,Blue,N,DOT
PSB,SPOTX,Black,0.5,Y,Y,Green,Y,CONTINUOUS
BAL,SPOTX,Black,0.5,Y,N,Black,N,CONTINUOUS
B,SPOTX,Black,0.5,Y,Y,Red,Y,CONTINUOUS
A,AAB023,Black,0.5,Y,Y,Red,Y,CONTINUOUS
TBM,SPOTX,Black,0.5,Y,N,Black,N,CONTINUOUS
